github.com/rorycl/mailboxoperator/maildir/maildir.go:50:	NewMailDir		90.9%
github.com/rorycl/mailboxoperator/maildir/maildir.go:68:	list			91.7%
github.com/rorycl/mailboxoperator/maildir/maildir.go:92:	TotalEmails		100.0%
github.com/rorycl/mailboxoperator/maildir/maildir.go:102:	Next			100.0%
github.com/rorycl/mailboxoperator/maildir/maildir.go:112:	NextReader		85.7%
github.com/rorycl/mailboxoperator/maildir/maildir.go:126:	Reset			100.0%
github.com/rorycl/mailboxoperator/mbox/mbox.go:25:		NewMbox			92.9%
github.com/rorycl/mailboxoperator/mbox/mbox.go:49:		NextReader		100.0%
github.com/rorycl/mailboxoperator/mbox/writer.go:23:		NewMboxWriter		85.7%
github.com/rorycl/mailboxoperator/mbox/writer.go:43:		Add			83.3%
github.com/rorycl/mailboxoperator/mbox/writer.go:62:		Close			100.0%
github.com/rorycl/mailboxoperator/operator.go:39:		NewMailboxOperator	100.0%
github.com/rorycl/mailboxoperator/operator.go:57:		Operate			100.0%
github.com/rorycl/mailboxoperator/operator.go:74:		Error			100.0%
github.com/rorycl/mailboxoperator/operator.go:86:		workers			100.0%
github.com/rorycl/mailboxoperator/operator.go:114:		process			85.7%
github.com/rorycl/mailboxoperator/uncompress/uncompress.go:26:	newUncompress		90.0%
github.com/rorycl/mailboxoperator/uncompress/uncompress.go:47:	IsType			83.3%
github.com/rorycl/mailboxoperator/uncompress/uncompress.go:74:	NewReader		100.0%
total:								(statements)		91.2%
